\BOOKMARK [0][-]{chapter*.1}{\376\377\000\315\000n\000d\000i\000c\000e\000\040\000G\000e\000n\000e\000r\000a\000l}{}% 1
\BOOKMARK [0][-]{chapter*.2}{\376\377\000\315\000n\000d\000i\000c\000e\000\040\000d\000e\000\040\000T\000a\000b\000l\000a\000s}{}% 2
\BOOKMARK [0][-]{chapter*.3}{\376\377\000\315\000n\000d\000i\000c\000e\000\040\000d\000e\000\040\000F\000i\000g\000u\000r\000a\000s}{}% 3
\BOOKMARK [0][-]{chapter*.3}{\376\377\000\315\000n\000d\000i\000c\000e\000\040\000d\000e\000\040\000A\000c\000r\000\363\000n\000i\000m\000o\000s}{}% 4
\BOOKMARK [0][-]{chapter.1}{\376\377\000I\000N\000T\000R\000O\000D\000U\000C\000C\000I\000\323\000N}{}% 5
\BOOKMARK [1][-]{section.1.1}{\376\377\000C\000O\000N\000T\000E\000X\000T\000U\000A\000L\000I\000Z\000A\000C\000I\000\323\000N}{chapter.1}% 6
\BOOKMARK [1][-]{section.1.2}{\376\377\000R\000E\000A\000L\000I\000D\000A\000D\000\040\000P\000R\000O\000B\000L\000E\000M\000\301\000T\000I\000C\000A}{chapter.1}% 7
\BOOKMARK [1][-]{section.1.3}{\376\377\000F\000O\000R\000M\000U\000L\000A\000C\000I\000\323\000N\000\040\000D\000E\000L\000\040\000P\000R\000O\000B\000L\000E\000M\000A}{chapter.1}% 8
\BOOKMARK [2][-]{subsection.1.3.1}{\376\377\000P\000r\000o\000b\000l\000e\000m\000a\000\040\000G\000e\000n\000e\000r\000a\000l}{section.1.3}% 9
\BOOKMARK [2][-]{subsection.1.3.2}{\376\377\000P\000r\000o\000b\000l\000e\000m\000a\000s\000\040\000E\000s\000p\000e\000c\000\355\000f\000i\000c\000o\000s}{section.1.3}% 10
\BOOKMARK [1][-]{section.1.4}{\376\377\000J\000U\000S\000T\000I\000F\000I\000C\000A\000C\000I\000\323\000N}{chapter.1}% 11
\BOOKMARK [1][-]{section.1.5}{\376\377\000O\000B\000J\000E\000T\000I\000V\000O\000S}{chapter.1}% 12
\BOOKMARK [2][-]{subsection.1.5.1}{\376\377\000O\000B\000J\000E\000T\000I\000V\000O\000\040\000G\000E\000N\000E\000R\000A\000L}{section.1.5}% 13
\BOOKMARK [2][-]{subsection.1.5.2}{\376\377\000O\000B\000J\000E\000T\000I\000V\000O\000S\000\040\000E\000S\000P\000E\000C\000\315\000F\000I\000C\000O\000S}{section.1.5}% 14
\BOOKMARK [1][-]{section.1.6}{\376\377\000H\000I\000P\000\323\000T\000E\000S\000I\000S\000\040\000D\000E\000\040\000L\000A\000\040\000I\000N\000V\000E\000S\000T\000I\000G\000A\000C\000I\000\323\000N}{chapter.1}% 15
\BOOKMARK [2][-]{subsection.1.6.1}{\376\377\000H\000i\000p\000\363\000t\000e\000s\000i\000s\000\040\000g\000e\000n\000e\000r\000a\000l}{section.1.6}% 16
\BOOKMARK [2][-]{subsection.1.6.2}{\376\377\000H\000i\000p\000\363\000t\000e\000s\000i\000s\000\040\000e\000s\000p\000e\000c\000\355\000f\000i\000c\000a\000s}{section.1.6}% 17
\BOOKMARK [1][-]{section.1.7}{\376\377\000V\000A\000R\000I\000A\000B\000L\000E\000S}{chapter.1}% 18
\BOOKMARK [2][-]{subsection.1.7.1}{\376\377\000V\000a\000r\000i\000a\000b\000l\000e\000\040\000I\000n\000d\000e\000p\000e\000n\000d\000i\000e\000n\000t\000e\000\040\000\050\000V\000I\000\051}{section.1.7}% 19
\BOOKMARK [2][-]{subsection.1.7.2}{\376\377\000V\000a\000r\000i\000a\000b\000l\000e\000\040\000D\000e\000p\000e\000n\000d\000i\000e\000n\000t\000e\000\040\000\050\000V\000D\000\051}{section.1.7}% 20
\BOOKMARK [1][-]{section.1.8}{\376\377\000O\000P\000E\000R\000A\000C\000I\000O\000N\000A\000L\000I\000Z\000A\000C\000I\000\323\000N\000\040\000D\000E\000\040\000V\000A\000R\000I\000A\000B\000L\000E\000S}{chapter.1}% 21
\BOOKMARK [0][-]{chapter.2}{\376\377\000R\000E\000V\000I\000S\000I\000\323\000N\000\040\000D\000E\000\040\000L\000I\000T\000E\000R\000A\000T\000U\000R\000A}{}% 22
\BOOKMARK [1][-]{section.2.1}{\376\377\000A\000n\000t\000e\000c\000e\000d\000e\000n\000t\000e\000s}{chapter.2}% 23
\BOOKMARK [2][-]{subsection.2.1.1}{\376\377\000A\000n\000t\000e\000c\000e\000d\000e\000n\000t\000e\000s\000\040\000i\000n\000t\000e\000r\000n\000a\000c\000i\000o\000n\000a\000l\000e\000s}{section.2.1}% 24
\BOOKMARK [2][-]{subsection.2.1.2}{\376\377\000A\000n\000t\000e\000c\000e\000d\000e\000n\000t\000e\000s\000\040\000n\000a\000c\000i\000o\000n\000a\000l\000e\000s}{section.2.1}% 25
\BOOKMARK [2][-]{subsection.2.1.3}{\376\377\000A\000n\000t\000e\000c\000e\000d\000e\000n\000t\000e\000s\000\040\000l\000o\000c\000a\000l\000e\000s}{section.2.1}% 26
\BOOKMARK [1][-]{section.2.2}{\376\377\000B\000a\000s\000e\000s\000\040\000T\000e\000\363\000r\000i\000c\000a\000s}{chapter.2}% 27
\BOOKMARK [2][-]{subsection.2.2.1}{\376\377\000I\000n\000t\000e\000r\000n\000e\000t\000\040\000d\000e\000\040\000l\000a\000s\000\040\000C\000o\000s\000a\000s\000\040\000\050\000I\000o\000T\000\051\000\040\000y\000\040\000C\000i\000b\000e\000r\000s\000e\000g\000u\000r\000i\000d\000a\000d}{section.2.2}% 28
\BOOKMARK [2][-]{subsection.2.2.2}{\376\377\000A\000l\000g\000o\000r\000i\000t\000m\000o\000s\000\040\000d\000e\000\040\000G\000r\000a\000d\000i\000e\000n\000t\000e\000\040\000I\000n\000c\000r\000e\000m\000e\000n\000t\000a\000d\000o\000\040\000\050\000B\000o\000o\000s\000t\000i\000n\000g\000\051}{section.2.2}% 29
\BOOKMARK [2][-]{subsection.2.2.3}{\376\377\000X\000G\000B\000o\000o\000s\000t\000\040\000\050\000E\000x\000t\000r\000e\000m\000e\000\040\000G\000r\000a\000d\000i\000e\000n\000t\000\040\000B\000o\000o\000s\000t\000i\000n\000g\000\051}{section.2.2}% 30
\BOOKMARK [2][-]{subsection.2.2.4}{\376\377\000L\000i\000g\000h\000t\000G\000B\000M\000\040\000\050\000L\000i\000g\000h\000t\000\040\000G\000r\000a\000d\000i\000e\000n\000t\000\040\000B\000o\000o\000s\000t\000i\000n\000g\000\040\000M\000a\000c\000h\000i\000n\000e\000\051}{section.2.2}% 31
\BOOKMARK [2][-]{subsection.2.2.5}{\376\377\000E\000n\000s\000a\000m\000b\000l\000e\000\040\000p\000o\000r\000\040\000S\000t\000a\000c\000k\000i\000n\000g\000\040\000\050\000A\000p\000i\000l\000a\000m\000i\000e\000n\000t\000o\000\051}{section.2.2}% 32
\BOOKMARK [2][-]{subsection.2.2.6}{\376\377\000T\000\351\000c\000n\000i\000c\000a\000s\000\040\000d\000e\000\040\000T\000r\000a\000t\000a\000m\000i\000e\000n\000t\000o\000\040\000d\000e\000\040\000D\000e\000s\000b\000a\000l\000a\000n\000c\000e\000\040\000d\000e\000\040\000C\000l\000a\000s\000e\000s}{section.2.2}% 33
\BOOKMARK [2][-]{subsection.2.2.7}{\376\377\000B\000o\000r\000d\000e\000r\000l\000i\000n\000e\000-\000S\000M\000O\000T\000E}{section.2.2}% 34
\BOOKMARK [2][-]{subsection.2.2.8}{\376\377\000M\000\351\000t\000r\000i\000c\000a\000s\000\040\000d\000e\000\040\000E\000v\000a\000l\000u\000a\000c\000i\000\363\000n\000\040\000d\000e\000\040\000C\000l\000a\000s\000i\000f\000i\000c\000a\000c\000i\000\363\000n}{section.2.2}% 35
\BOOKMARK [1][-]{section.2.3}{\376\377\000D\000e\000f\000i\000n\000i\000c\000i\000\363\000n\000\040\000d\000e\000\040\000T\000\351\000r\000m\000i\000n\000o\000s\000\040\000B\000\341\000s\000i\000c\000o\000s}{chapter.2}% 36
\BOOKMARK [0][-]{chapter.3}{\376\377\000M\000A\000T\000E\000R\000I\000A\000L\000E\000S\000\040\000Y\000\040\000M\000\311\000T\000O\000D\000O\000S}{}% 37
\BOOKMARK [1][-]{section.3.1}{\376\377\000M\000a\000t\000e\000r\000i\000a\000l\000e\000s}{chapter.3}% 38
\BOOKMARK [2][-]{subsection.3.1.1}{\376\377\000E\000q\000u\000i\000p\000o\000s}{section.3.1}% 39
\BOOKMARK [2][-]{subsection.3.1.2}{\376\377\000S\000o\000f\000t\000w\000a\000r\000e}{section.3.1}% 40
\BOOKMARK [1][-]{section.3.2}{\376\377\000M\000e\000t\000o\000d\000o\000l\000o\000g\000\355\000a}{chapter.3}% 41
\BOOKMARK [2][-]{subsection.3.2.1}{\376\377\000T\000i\000p\000o\000\040\000d\000e\000\040\000i\000n\000v\000e\000s\000t\000i\000g\000a\000c\000i\000\363\000n}{section.3.2}% 42
\BOOKMARK [2][-]{subsection.3.2.2}{\376\377\000D\000i\000s\000e\000\361\000o\000\040\000d\000e\000\040\000i\000n\000v\000e\000s\000t\000i\000g\000a\000c\000i\000\363\000n}{section.3.2}% 43
\BOOKMARK [2][-]{subsection.3.2.3}{\376\377\000P\000o\000b\000l\000a\000c\000i\000\363\000n\000\040\000y\000\040\000m\000u\000e\000s\000t\000r\000a}{section.3.2}% 44
\BOOKMARK [2][-]{subsection.3.2.4}{\376\377\000T\000\351\000c\000n\000i\000c\000a\000s\000\040\000e\000\040\000i\000n\000s\000t\000r\000u\000m\000e\000n\000t\000o\000s\000\040\000d\000e\000\040\000r\000e\000c\000o\000l\000e\000c\000c\000i\000\363\000n\000\040\000d\000e\000\040\000d\000a\000t\000o\000s}{section.3.2}% 45
\BOOKMARK [2][-]{subsection.3.2.5}{\376\377\000P\000r\000o\000c\000e\000d\000i\000m\000i\000e\000n\000t\000o\000\040\000d\000e\000\040\000l\000a\000\040\000i\000n\000v\000e\000s\000t\000i\000g\000a\000c\000i\000\363\000n}{section.3.2}% 46
\BOOKMARK [2][-]{subsection.3.2.6}{\376\377\000A\000n\000\341\000l\000i\000s\000i\000s\000\040\000d\000e\000\040\000d\000a\000t\000o\000s}{section.3.2}% 47
\BOOKMARK [0][-]{chapter.4}{\376\377\000R\000E\000S\000U\000L\000T\000A\000D\000O\000S\000\040\000Y\000\040\000D\000I\000S\000C\000U\000S\000I\000\323\000N}{}% 48
\BOOKMARK [1][-]{section.4.1}{\376\377\000R\000e\000s\000u\000l\000t\000a\000d\000o\000s}{chapter.4}% 49
\BOOKMARK [1][-]{section.4.2}{\376\377\000D\000i\000s\000c\000u\000s\000i\000\363\000n}{chapter.4}% 50
\BOOKMARK [0][-]{chapter.5}{\376\377\000C\000O\000N\000C\000L\000U\000S\000I\000O\000N\000E\000S}{}% 51
\BOOKMARK [1][-]{section.5.1}{\376\377\000C\000o\000n\000c\000l\000u\000s\000i\000\363\000n\000\040\0001}{chapter.5}% 52
\BOOKMARK [1][-]{section.5.2}{\376\377\000C\000o\000n\000c\000l\000u\000s\000i\000\363\000n\000\040\0002}{chapter.5}% 53
\BOOKMARK [1][-]{section.5.3}{\376\377\000C\000o\000n\000c\000l\000u\000s\000i\000\363\000n\000\040\0003}{chapter.5}% 54
\BOOKMARK [0][-]{chapter.6}{\376\377\000R\000E\000C\000O\000M\000E\000N\000D\000A\000C\000I\000O\000N\000E\000S}{}% 55
\BOOKMARK [1][-]{section.6.1}{\376\377\000R\000e\000c\000o\000m\000e\000n\000d\000a\000c\000i\000\363\000n\000\040\0001}{chapter.6}% 56
\BOOKMARK [1][-]{section.6.2}{\376\377\000R\000e\000c\000o\000m\000e\000n\000d\000a\000c\000i\000\363\000n\000\040\0002}{chapter.6}% 57
\BOOKMARK [0][-]{chapter.7}{\376\377\000A\000N\000E\000X\000O\000S}{}% 58
\BOOKMARK [1][-]{section.7.1}{\376\377\000A\000n\000e\000x\000o\000\040\000A\000:\000\040\000T\000\355\000t\000u\000l\000o\000\040\000d\000e\000l\000\040\000a\000n\000e\000x\000o\000\040\000A}{chapter.7}% 59
\BOOKMARK [1][-]{section.7.2}{\376\377\000A\000n\000e\000x\000o\000\040\000B\000:\000\040\000T\000\355\000t\000u\000l\000o\000\040\000d\000e\000l\000\040\000a\000n\000e\000x\000o\000\040\000B}{chapter.7}% 60
